digraph main {
	anon0;
	here;
	there;
	anon0 -> there;
	anon0 -> here;
	here -> there;
}
